12:53:04 **** Incremental Build of configuration Debug for project MKL25Z128xxx4_Project ****
make -r -j4 all 
make: Nothing to be done for 'all'.
12:53:14 **** Build of configuration Debug for project MKL25Z128xxx4_Project ****
make -r -j4 all 
make: Nothing to be done for 'all'.
12:53:15 **** Incremental Build of configuration Debug for project MKL25Z128xxx4_Project ****
make -r -j4 all 
make: Nothing to be done for 'all'.
12:54:25 **** Build of configuration Debug for project MKL25Z128xxx4_Project ****
make -r -j4 all 
make: Nothing to be done for 'all'.
12:54:27 **** Incremental Build of configuration Debug for project MKL25Z128xxx4_Project ****
make -r -j4 all 
make: Nothing to be done for 'all'.
13:34:51 **** Clean-only build of configuration Debug for project MKL25Z128xxx4_Project ****
make -r -j4 clean 
rm -rf  ./utilities/fsl_debug_console.o  ./startup/startup_mkl25z4.o  ./source/LED.o ./source/TSI.o ./source/main.o ./source/mtb.o ./source/semihost_hardfault.o  ./drivers/fsl_clock.o ./drivers/fsl_common.o ./drivers/fsl_flash.o ./drivers/fsl_gpio.o ./drivers/fsl_i2c.o ./drivers/fsl_lpsci.o ./drivers/fsl_smc.o ./drivers/fsl_uart.o  ./board/board.o ./board/clock_config.o ./board/peripherals.o ./board/pin_mux.o  ./CMSIS/system_MKL25Z4.o  ./utilities/fsl_debug_console.d  ./startup/startup_mkl25z4.d  ./source/LED.d ./source/TSI.d ./source/main.d ./source/mtb.d ./source/semihost_hardfault.d  ./drivers/fsl_clock.d ./drivers/fsl_common.d ./drivers/fsl_flash.d ./drivers/fsl_gpio.d ./drivers/fsl_i2c.d ./drivers/fsl_lpsci.d ./drivers/fsl_smc.d ./drivers/fsl_uart.d  ./board/board.d ./board/clock_config.d ./board/peripherals.d ./board/pin_mux.d  ./CMSIS/system_MKL25Z4.d  MKL25Z128xxx4_Project.axf
 
13:35:01 **** Build of configuration Debug for project MKL25Z128xxx4_Project ****
make -r -j4 all 
Building file: ../utilities/fsl_debug_console.c
Building file: ../source/LED.c
Building file: ../startup/startup_mkl25z4.c
Building file: ../source/TSI.c
Invoking: MCU C Compiler
Invoking: MCU C Compiler
arm-none-eabi-gcc -D__REDLIB__ -DCPU_MKL25Z128VLK4 -DCPU_MKL25Z128VLK4_cm0plus -DSDK_OS_BAREMETAL -DFSL_RTOS_BM -DCR_INTEGER_PRINTF -DPRINTF_FLOAT_ENABLE=1 -D__MCUXPRESSO -D__USE_CMSIS -DDEBUG -DSDK_DEBUGCONSOLE=0 -I"F:\Blinkenlights\MKL25Z128xxx4_Project\board" -I"F:\Blinkenlights\MKL25Z128xxx4_Project\source" -I"F:\Blinkenlights\MKL25Z128xxx4_Project" -I"F:\Blinkenlights\MKL25Z128xxx4_Project\drivers" -I"F:\Blinkenlights\MKL25Z128xxx4_Project\CMSIS" -I"F:\Blinkenlights\MKL25Z128xxx4_Project\utilities" -I"F:\Blinkenlights\MKL25Z128xxx4_Project\startup" -O0 -fno-common -g3 -Wall -c -fmessage-length=0 -fno-builtin -ffunction-sections -fdata-sections -fmerge-constants -fmacro-prefix-map="../startup/"=. -mcpu=cortex-m0plus -mthumb -D__REDLIB__ -fstack-usage -specs=redlib.specs -MMD -MP -MF"startup/startup_mkl25z4.d" -MT"startup/startup_mkl25z4.o" -MT"startup/startup_mkl25z4.d" -o "startup/startup_mkl25z4.o" "../startup/startup_mkl25z4.c"
Invoking: MCU C Compiler
Invoking: MCU C Compiler
arm-none-eabi-gcc -D__REDLIB__ -DCPU_MKL25Z128VLK4 -DCPU_MKL25Z128VLK4_cm0plus -DSDK_OS_BAREMETAL -DFSL_RTOS_BM -DCR_INTEGER_PRINTF -DPRINTF_FLOAT_ENABLE=1 -D__MCUXPRESSO -D__USE_CMSIS -DDEBUG -DSDK_DEBUGCONSOLE=0 -I"F:\Blinkenlights\MKL25Z128xxx4_Project\board" -I"F:\Blinkenlights\MKL25Z128xxx4_Project\source" -I"F:\Blinkenlights\MKL25Z128xxx4_Project" -I"F:\Blinkenlights\MKL25Z128xxx4_Project\drivers" -I"F:\Blinkenlights\MKL25Z128xxx4_Project\CMSIS" -I"F:\Blinkenlights\MKL25Z128xxx4_Project\utilities" -I"F:\Blinkenlights\MKL25Z128xxx4_Project\startup" -O0 -fno-common -g3 -Wall -c -fmessage-length=0 -fno-builtin -ffunction-sections -fdata-sections -fmerge-constants -fmacro-prefix-map="../utilities/"=. -mcpu=cortex-m0plus -mthumb -D__REDLIB__ -fstack-usage -specs=redlib.specs -MMD -MP -MF"utilities/fsl_debug_console.d" -MT"utilities/fsl_debug_console.o" -MT"utilities/fsl_debug_console.d" -o "utilities/fsl_debug_console.o" "../utilities/fsl_debug_console.c"
arm-none-eabi-gcc -D__REDLIB__ -DCPU_MKL25Z128VLK4 -DCPU_MKL25Z128VLK4_cm0plus -DSDK_OS_BAREMETAL -DFSL_RTOS_BM -DCR_INTEGER_PRINTF -DPRINTF_FLOAT_ENABLE=1 -D__MCUXPRESSO -D__USE_CMSIS -DDEBUG -DSDK_DEBUGCONSOLE=0 -I"F:\Blinkenlights\MKL25Z128xxx4_Project\board" -I"F:\Blinkenlights\MKL25Z128xxx4_Project\source" -I"F:\Blinkenlights\MKL25Z128xxx4_Project" -I"F:\Blinkenlights\MKL25Z128xxx4_Project\drivers" -I"F:\Blinkenlights\MKL25Z128xxx4_Project\CMSIS" -I"F:\Blinkenlights\MKL25Z128xxx4_Project\utilities" -I"F:\Blinkenlights\MKL25Z128xxx4_Project\startup" -O0 -fno-common -g3 -Wall -c -fmessage-length=0 -fno-builtin -ffunction-sections -fdata-sections -fmerge-constants -fmacro-prefix-map="../source/"=. -mcpu=cortex-m0plus -mthumb -D__REDLIB__ -fstack-usage -specs=redlib.specs -MMD -MP -MF"source/LED.d" -MT"source/LED.o" -MT"source/LED.d" -o "source/LED.o" "../source/LED.c"
arm-none-eabi-gcc -D__REDLIB__ -DCPU_MKL25Z128VLK4 -DCPU_MKL25Z128VLK4_cm0plus -DSDK_OS_BAREMETAL -DFSL_RTOS_BM -DCR_INTEGER_PRINTF -DPRINTF_FLOAT_ENABLE=1 -D__MCUXPRESSO -D__USE_CMSIS -DDEBUG -DSDK_DEBUGCONSOLE=0 -I"F:\Blinkenlights\MKL25Z128xxx4_Project\board" -I"F:\Blinkenlights\MKL25Z128xxx4_Project\source" -I"F:\Blinkenlights\MKL25Z128xxx4_Project" -I"F:\Blinkenlights\MKL25Z128xxx4_Project\drivers" -I"F:\Blinkenlights\MKL25Z128xxx4_Project\CMSIS" -I"F:\Blinkenlights\MKL25Z128xxx4_Project\utilities" -I"F:\Blinkenlights\MKL25Z128xxx4_Project\startup" -O0 -fno-common -g3 -Wall -c -fmessage-length=0 -fno-builtin -ffunction-sections -fdata-sections -fmerge-constants -fmacro-prefix-map="../source/"=. -mcpu=cortex-m0plus -mthumb -D__REDLIB__ -fstack-usage -specs=redlib.specs -MMD -MP -MF"source/TSI.d" -MT"source/TSI.o" -MT"source/TSI.d" -o "source/TSI.o" "../source/TSI.c"
Finished building: ../startup/startup_mkl25z4.c
 
Building file: ../source/main.c
Invoking: MCU C Compiler
arm-none-eabi-gcc -D__REDLIB__ -DCPU_MKL25Z128VLK4 -DCPU_MKL25Z128VLK4_cm0plus -DSDK_OS_BAREMETAL -DFSL_RTOS_BM -DCR_INTEGER_PRINTF -DPRINTF_FLOAT_ENABLE=1 -D__MCUXPRESSO -D__USE_CMSIS -DDEBUG -DSDK_DEBUGCONSOLE=0 -I"F:\Blinkenlights\MKL25Z128xxx4_Project\board" -I"F:\Blinkenlights\MKL25Z128xxx4_Project\source" -I"F:\Blinkenlights\MKL25Z128xxx4_Project" -I"F:\Blinkenlights\MKL25Z128xxx4_Project\drivers" -I"F:\Blinkenlights\MKL25Z128xxx4_Project\CMSIS" -I"F:\Blinkenlights\MKL25Z128xxx4_Project\utilities" -I"F:\Blinkenlights\MKL25Z128xxx4_Project\startup" -O0 -fno-common -g3 -Wall -c -fmessage-length=0 -fno-builtin -ffunction-sections -fdata-sections -fmerge-constants -fmacro-prefix-map="../source/"=. -mcpu=cortex-m0plus -mthumb -D__REDLIB__ -fstack-usage -specs=redlib.specs -MMD -MP -MF"source/main.d" -MT"source/main.o" -MT"source/main.d" -o "source/main.o" "../source/main.c"
Finished building: ../source/TSI.c
Finished building: ../utilities/fsl_debug_console.c
 
Finished building: ../source/LED.c
 
 
Building file: ../source/mtb.c
Building file: ../source/semihost_hardfault.c
Invoking: MCU C Compiler
arm-none-eabi-gcc -D__REDLIB__ -DCPU_MKL25Z128VLK4 -DCPU_MKL25Z128VLK4_cm0plus -DSDK_OS_BAREMETAL -DFSL_RTOS_BM -DCR_INTEGER_PRINTF -DPRINTF_FLOAT_ENABLE=1 -D__MCUXPRESSO -D__USE_CMSIS -DDEBUG -DSDK_DEBUGCONSOLE=0 -I"F:\Blinkenlights\MKL25Z128xxx4_Project\board" -I"F:\Blinkenlights\MKL25Z128xxx4_Project\source" -I"F:\Blinkenlights\MKL25Z128xxx4_Project" -I"F:\Blinkenlights\MKL25Z128xxx4_Project\drivers" -I"F:\Blinkenlights\MKL25Z128xxx4_Project\CMSIS" -I"F:\Blinkenlights\MKL25Z128xxx4_Project\utilities" -I"F:\Blinkenlights\MKL25Z128xxx4_Project\startup" -O0 -fno-common -g3 -Wall -c -fmessage-length=0 -fno-builtin -ffunction-sections -fdata-sections -fmerge-constants -fmacro-prefix-map="../source/"=. -mcpu=cortex-m0plus -mthumb -D__REDLIB__ -fstack-usage -specs=redlib.specs -MMD -MP -MF"source/mtb.d" -MT"source/mtb.o" -MT"source/mtb.d" -o "source/mtb.o" "../source/mtb.c"
Invoking: MCU C Compiler
Building file: ../drivers/fsl_clock.c
arm-none-eabi-gcc -D__REDLIB__ -DCPU_MKL25Z128VLK4 -DCPU_MKL25Z128VLK4_cm0plus -DSDK_OS_BAREMETAL -DFSL_RTOS_BM -DCR_INTEGER_PRINTF -DPRINTF_FLOAT_ENABLE=1 -D__MCUXPRESSO -D__USE_CMSIS -DDEBUG -DSDK_DEBUGCONSOLE=0 -I"F:\Blinkenlights\MKL25Z128xxx4_Project\board" -I"F:\Blinkenlights\MKL25Z128xxx4_Project\source" -I"F:\Blinkenlights\MKL25Z128xxx4_Project" -I"F:\Blinkenlights\MKL25Z128xxx4_Project\drivers" -I"F:\Blinkenlights\MKL25Z128xxx4_Project\CMSIS" -I"F:\Blinkenlights\MKL25Z128xxx4_Project\utilities" -I"F:\Blinkenlights\MKL25Z128xxx4_Project\startup" -O0 -fno-common -g3 -Wall -c -fmessage-length=0 -fno-builtin -ffunction-sections -fdata-sections -fmerge-constants -fmacro-prefix-map="../source/"=. -mcpu=cortex-m0plus -mthumb -D__REDLIB__ -fstack-usage -specs=redlib.specs -MMD -MP -MF"source/semihost_hardfault.d" -MT"source/semihost_hardfault.o" -MT"source/semihost_hardfault.d" -o "source/semihost_hardfault.o" "../source/semihost_hardfault.c"
Invoking: MCU C Compiler
arm-none-eabi-gcc -D__REDLIB__ -DCPU_MKL25Z128VLK4 -DCPU_MKL25Z128VLK4_cm0plus -DSDK_OS_BAREMETAL -DFSL_RTOS_BM -DCR_INTEGER_PRINTF -DPRINTF_FLOAT_ENABLE=1 -D__MCUXPRESSO -D__USE_CMSIS -DDEBUG -DSDK_DEBUGCONSOLE=0 -I"F:\Blinkenlights\MKL25Z128xxx4_Project\board" -I"F:\Blinkenlights\MKL25Z128xxx4_Project\source" -I"F:\Blinkenlights\MKL25Z128xxx4_Project" -I"F:\Blinkenlights\MKL25Z128xxx4_Project\drivers" -I"F:\Blinkenlights\MKL25Z128xxx4_Project\CMSIS" -I"F:\Blinkenlights\MKL25Z128xxx4_Project\utilities" -I"F:\Blinkenlights\MKL25Z128xxx4_Project\startup" -O0 -fno-common -g3 -Wall -c -fmessage-length=0 -fno-builtin -ffunction-sections -fdata-sections -fmerge-constants -fmacro-prefix-map="../drivers/"=. -mcpu=cortex-m0plus -mthumb -D__REDLIB__ -fstack-usage -specs=redlib.specs -MMD -MP -MF"drivers/fsl_clock.d" -MT"drivers/fsl_clock.o" -MT"drivers/fsl_clock.d" -o "drivers/fsl_clock.o" "../drivers/fsl_clock.c"
Finished building: ../source/main.c
 
Finished building: ../source/mtb.c
Building file: ../drivers/fsl_common.c
 
Finished building: ../source/semihost_hardfault.c
Invoking: MCU C Compiler
Building file: ../drivers/fsl_flash.c
arm-none-eabi-gcc -D__REDLIB__ -DCPU_MKL25Z128VLK4 -DCPU_MKL25Z128VLK4_cm0plus -DSDK_OS_BAREMETAL -DFSL_RTOS_BM -DCR_INTEGER_PRINTF -DPRINTF_FLOAT_ENABLE=1 -D__MCUXPRESSO -D__USE_CMSIS -DDEBUG -DSDK_DEBUGCONSOLE=0 -I"F:\Blinkenlights\MKL25Z128xxx4_Project\board" -I"F:\Blinkenlights\MKL25Z128xxx4_Project\source" -I"F:\Blinkenlights\MKL25Z128xxx4_Project" -I"F:\Blinkenlights\MKL25Z128xxx4_Project\drivers" -I"F:\Blinkenlights\MKL25Z128xxx4_Project\CMSIS" -I"F:\Blinkenlights\MKL25Z128xxx4_Project\utilities" -I"F:\Blinkenlights\MKL25Z128xxx4_Project\startup" -O0 -fno-common -g3 -Wall -c -fmessage-length=0 -fno-builtin -ffunction-sections -fdata-sections -fmerge-constants -fmacro-prefix-map="../drivers/"=. -mcpu=cortex-m0plus -mthumb -D__REDLIB__ -fstack-usage -specs=redlib.specs -MMD -MP -MF"drivers/fsl_common.d" -MT"drivers/fsl_common.o" -MT"drivers/fsl_common.d" -o "drivers/fsl_common.o" "../drivers/fsl_common.c"
 
Invoking: MCU C Compiler
Building file: ../drivers/fsl_gpio.c
arm-none-eabi-gcc -D__REDLIB__ -DCPU_MKL25Z128VLK4 -DCPU_MKL25Z128VLK4_cm0plus -DSDK_OS_BAREMETAL -DFSL_RTOS_BM -DCR_INTEGER_PRINTF -DPRINTF_FLOAT_ENABLE=1 -D__MCUXPRESSO -D__USE_CMSIS -DDEBUG -DSDK_DEBUGCONSOLE=0 -I"F:\Blinkenlights\MKL25Z128xxx4_Project\board" -I"F:\Blinkenlights\MKL25Z128xxx4_Project\source" -I"F:\Blinkenlights\MKL25Z128xxx4_Project" -I"F:\Blinkenlights\MKL25Z128xxx4_Project\drivers" -I"F:\Blinkenlights\MKL25Z128xxx4_Project\CMSIS" -I"F:\Blinkenlights\MKL25Z128xxx4_Project\utilities" -I"F:\Blinkenlights\MKL25Z128xxx4_Project\startup" -O0 -fno-common -g3 -Wall -c -fmessage-length=0 -fno-builtin -ffunction-sections -fdata-sections -fmerge-constants -fmacro-prefix-map="../drivers/"=. -mcpu=cortex-m0plus -mthumb -D__REDLIB__ -fstack-usage -specs=redlib.specs -MMD -MP -MF"drivers/fsl_flash.d" -MT"drivers/fsl_flash.o" -MT"drivers/fsl_flash.d" -o "drivers/fsl_flash.o" "../drivers/fsl_flash.c"
Invoking: MCU C Compiler
arm-none-eabi-gcc -D__REDLIB__ -DCPU_MKL25Z128VLK4 -DCPU_MKL25Z128VLK4_cm0plus -DSDK_OS_BAREMETAL -DFSL_RTOS_BM -DCR_INTEGER_PRINTF -DPRINTF_FLOAT_ENABLE=1 -D__MCUXPRESSO -D__USE_CMSIS -DDEBUG -DSDK_DEBUGCONSOLE=0 -I"F:\Blinkenlights\MKL25Z128xxx4_Project\board" -I"F:\Blinkenlights\MKL25Z128xxx4_Project\source" -I"F:\Blinkenlights\MKL25Z128xxx4_Project" -I"F:\Blinkenlights\MKL25Z128xxx4_Project\drivers" -I"F:\Blinkenlights\MKL25Z128xxx4_Project\CMSIS" -I"F:\Blinkenlights\MKL25Z128xxx4_Project\utilities" -I"F:\Blinkenlights\MKL25Z128xxx4_Project\startup" -O0 -fno-common -g3 -Wall -c -fmessage-length=0 -fno-builtin -ffunction-sections -fdata-sections -fmerge-constants -fmacro-prefix-map="../drivers/"=. -mcpu=cortex-m0plus -mthumb -D__REDLIB__ -fstack-usage -specs=redlib.specs -MMD -MP -MF"drivers/fsl_gpio.d" -MT"drivers/fsl_gpio.o" -MT"drivers/fsl_gpio.d" -o "drivers/fsl_gpio.o" "../drivers/fsl_gpio.c"
Finished building: ../drivers/fsl_clock.c
 
Building file: ../drivers/fsl_i2c.c
Finished building: ../drivers/fsl_common.c
Invoking: MCU C Compiler
arm-none-eabi-gcc -D__REDLIB__ -DCPU_MKL25Z128VLK4 -DCPU_MKL25Z128VLK4_cm0plus -DSDK_OS_BAREMETAL -DFSL_RTOS_BM -DCR_INTEGER_PRINTF -DPRINTF_FLOAT_ENABLE=1 -D__MCUXPRESSO -D__USE_CMSIS -DDEBUG -DSDK_DEBUGCONSOLE=0 -I"F:\Blinkenlights\MKL25Z128xxx4_Project\board" -I"F:\Blinkenlights\MKL25Z128xxx4_Project\source" -I"F:\Blinkenlights\MKL25Z128xxx4_Project" -I"F:\Blinkenlights\MKL25Z128xxx4_Project\drivers" -I"F:\Blinkenlights\MKL25Z128xxx4_Project\CMSIS" -I"F:\Blinkenlights\MKL25Z128xxx4_Project\utilities" -I"F:\Blinkenlights\MKL25Z128xxx4_Project\startup" -O0 -fno-common -g3 -Wall -c -fmessage-length=0 -fno-builtin -ffunction-sections -fdata-sections -fmerge-constants -fmacro-prefix-map="../drivers/"=. -mcpu=cortex-m0plus -mthumb -D__REDLIB__ -fstack-usage -specs=redlib.specs -MMD -MP -MF"drivers/fsl_i2c.d" -MT"drivers/fsl_i2c.o" -MT"drivers/fsl_i2c.d" -o "drivers/fsl_i2c.o" "../drivers/fsl_i2c.c"
 
Building file: ../drivers/fsl_lpsci.c
Invoking: MCU C Compiler
arm-none-eabi-gcc -D__REDLIB__ -DCPU_MKL25Z128VLK4 -DCPU_MKL25Z128VLK4_cm0plus -DSDK_OS_BAREMETAL -DFSL_RTOS_BM -DCR_INTEGER_PRINTF -DPRINTF_FLOAT_ENABLE=1 -D__MCUXPRESSO -D__USE_CMSIS -DDEBUG -DSDK_DEBUGCONSOLE=0 -I"F:\Blinkenlights\MKL25Z128xxx4_Project\board" -I"F:\Blinkenlights\MKL25Z128xxx4_Project\source" -I"F:\Blinkenlights\MKL25Z128xxx4_Project" -I"F:\Blinkenlights\MKL25Z128xxx4_Project\drivers" -I"F:\Blinkenlights\MKL25Z128xxx4_Project\CMSIS" -I"F:\Blinkenlights\MKL25Z128xxx4_Project\utilities" -I"F:\Blinkenlights\MKL25Z128xxx4_Project\startup" -O0 -fno-common -g3 -Wall -c -fmessage-length=0 -fno-builtin -ffunction-sections -fdata-sections -fmerge-constants -fmacro-prefix-map="../drivers/"=. -mcpu=cortex-m0plus -mthumb -D__REDLIB__ -fstack-usage -specs=redlib.specs -MMD -MP -MF"drivers/fsl_lpsci.d" -MT"drivers/fsl_lpsci.o" -MT"drivers/fsl_lpsci.d" -o "drivers/fsl_lpsci.o" "../drivers/fsl_lpsci.c"
Finished building: ../drivers/fsl_gpio.c
 
Finished building: ../drivers/fsl_flash.c
Building file: ../drivers/fsl_smc.c
 
Invoking: MCU C Compiler
Building file: ../drivers/fsl_uart.c
arm-none-eabi-gcc -D__REDLIB__ -DCPU_MKL25Z128VLK4 -DCPU_MKL25Z128VLK4_cm0plus -DSDK_OS_BAREMETAL -DFSL_RTOS_BM -DCR_INTEGER_PRINTF -DPRINTF_FLOAT_ENABLE=1 -D__MCUXPRESSO -D__USE_CMSIS -DDEBUG -DSDK_DEBUGCONSOLE=0 -I"F:\Blinkenlights\MKL25Z128xxx4_Project\board" -I"F:\Blinkenlights\MKL25Z128xxx4_Project\source" -I"F:\Blinkenlights\MKL25Z128xxx4_Project" -I"F:\Blinkenlights\MKL25Z128xxx4_Project\drivers" -I"F:\Blinkenlights\MKL25Z128xxx4_Project\CMSIS" -I"F:\Blinkenlights\MKL25Z128xxx4_Project\utilities" -I"F:\Blinkenlights\MKL25Z128xxx4_Project\startup" -O0 -fno-common -g3 -Wall -c -fmessage-length=0 -fno-builtin -ffunction-sections -fdata-sections -fmerge-constants -fmacro-prefix-map="../drivers/"=. -mcpu=cortex-m0plus -mthumb -D__REDLIB__ -fstack-usage -specs=redlib.specs -MMD -MP -MF"drivers/fsl_smc.d" -MT"drivers/fsl_smc.o" -MT"drivers/fsl_smc.d" -o "drivers/fsl_smc.o" "../drivers/fsl_smc.c"
Invoking: MCU C Compiler
arm-none-eabi-gcc -D__REDLIB__ -DCPU_MKL25Z128VLK4 -DCPU_MKL25Z128VLK4_cm0plus -DSDK_OS_BAREMETAL -DFSL_RTOS_BM -DCR_INTEGER_PRINTF -DPRINTF_FLOAT_ENABLE=1 -D__MCUXPRESSO -D__USE_CMSIS -DDEBUG -DSDK_DEBUGCONSOLE=0 -I"F:\Blinkenlights\MKL25Z128xxx4_Project\board" -I"F:\Blinkenlights\MKL25Z128xxx4_Project\source" -I"F:\Blinkenlights\MKL25Z128xxx4_Project" -I"F:\Blinkenlights\MKL25Z128xxx4_Project\drivers" -I"F:\Blinkenlights\MKL25Z128xxx4_Project\CMSIS" -I"F:\Blinkenlights\MKL25Z128xxx4_Project\utilities" -I"F:\Blinkenlights\MKL25Z128xxx4_Project\startup" -O0 -fno-common -g3 -Wall -c -fmessage-length=0 -fno-builtin -ffunction-sections -fdata-sections -fmerge-constants -fmacro-prefix-map="../drivers/"=. -mcpu=cortex-m0plus -mthumb -D__REDLIB__ -fstack-usage -specs=redlib.specs -MMD -MP -MF"drivers/fsl_uart.d" -MT"drivers/fsl_uart.o" -MT"drivers/fsl_uart.d" -o "drivers/fsl_uart.o" "../drivers/fsl_uart.c"
Finished building: ../drivers/fsl_i2c.c
 
Building file: ../board/board.c
Finished building: ../drivers/fsl_lpsci.c
Finished building: ../drivers/fsl_smc.c
 
Finished building: ../drivers/fsl_uart.c
Invoking: MCU C Compiler
 
arm-none-eabi-gcc -D__REDLIB__ -DCPU_MKL25Z128VLK4 -DCPU_MKL25Z128VLK4_cm0plus -DSDK_OS_BAREMETAL -DFSL_RTOS_BM -DCR_INTEGER_PRINTF -DPRINTF_FLOAT_ENABLE=1 -D__MCUXPRESSO -D__USE_CMSIS -DDEBUG -DSDK_DEBUGCONSOLE=0 -I"F:\Blinkenlights\MKL25Z128xxx4_Project\board" -I"F:\Blinkenlights\MKL25Z128xxx4_Project\source" -I"F:\Blinkenlights\MKL25Z128xxx4_Project" -I"F:\Blinkenlights\MKL25Z128xxx4_Project\drivers" -I"F:\Blinkenlights\MKL25Z128xxx4_Project\CMSIS" -I"F:\Blinkenlights\MKL25Z128xxx4_Project\utilities" -I"F:\Blinkenlights\MKL25Z128xxx4_Project\startup" -O0 -fno-common -g3 -Wall -c -fmessage-length=0 -fno-builtin -ffunction-sections -fdata-sections -fmerge-constants -fmacro-prefix-map="../board/"=. -mcpu=cortex-m0plus -mthumb -D__REDLIB__ -fstack-usage -specs=redlib.specs -MMD -MP -MF"board/board.d" -MT"board/board.o" -MT"board/board.d" -o "board/board.o" "../board/board.c"
Building file: ../board/clock_config.c
 
Building file: ../board/peripherals.c
Invoking: MCU C Compiler
Building file: ../board/pin_mux.c
arm-none-eabi-gcc -D__REDLIB__ -DCPU_MKL25Z128VLK4 -DCPU_MKL25Z128VLK4_cm0plus -DSDK_OS_BAREMETAL -DFSL_RTOS_BM -DCR_INTEGER_PRINTF -DPRINTF_FLOAT_ENABLE=1 -D__MCUXPRESSO -D__USE_CMSIS -DDEBUG -DSDK_DEBUGCONSOLE=0 -I"F:\Blinkenlights\MKL25Z128xxx4_Project\board" -I"F:\Blinkenlights\MKL25Z128xxx4_Project\source" -I"F:\Blinkenlights\MKL25Z128xxx4_Project" -I"F:\Blinkenlights\MKL25Z128xxx4_Project\drivers" -I"F:\Blinkenlights\MKL25Z128xxx4_Project\CMSIS" -I"F:\Blinkenlights\MKL25Z128xxx4_Project\utilities" -I"F:\Blinkenlights\MKL25Z128xxx4_Project\startup" -O0 -fno-common -g3 -Wall -c -fmessage-length=0 -fno-builtin -ffunction-sections -fdata-sections -fmerge-constants -fmacro-prefix-map="../board/"=. -mcpu=cortex-m0plus -mthumb -D__REDLIB__ -fstack-usage -specs=redlib.specs -MMD -MP -MF"board/clock_config.d" -MT"board/clock_config.o" -MT"board/clock_config.d" -o "board/clock_config.o" "../board/clock_config.c"
Invoking: MCU C Compiler
Invoking: MCU C Compiler
arm-none-eabi-gcc -D__REDLIB__ -DCPU_MKL25Z128VLK4 -DCPU_MKL25Z128VLK4_cm0plus -DSDK_OS_BAREMETAL -DFSL_RTOS_BM -DCR_INTEGER_PRINTF -DPRINTF_FLOAT_ENABLE=1 -D__MCUXPRESSO -D__USE_CMSIS -DDEBUG -DSDK_DEBUGCONSOLE=0 -I"F:\Blinkenlights\MKL25Z128xxx4_Project\board" -I"F:\Blinkenlights\MKL25Z128xxx4_Project\source" -I"F:\Blinkenlights\MKL25Z128xxx4_Project" -I"F:\Blinkenlights\MKL25Z128xxx4_Project\drivers" -I"F:\Blinkenlights\MKL25Z128xxx4_Project\CMSIS" -I"F:\Blinkenlights\MKL25Z128xxx4_Project\utilities" -I"F:\Blinkenlights\MKL25Z128xxx4_Project\startup" -O0 -fno-common -g3 -Wall -c -fmessage-length=0 -fno-builtin -ffunction-sections -fdata-sections -fmerge-constants -fmacro-prefix-map="../board/"=. -mcpu=cortex-m0plus -mthumb -D__REDLIB__ -fstack-usage -specs=redlib.specs -MMD -MP -MF"board/peripherals.d" -MT"board/peripherals.o" -MT"board/peripherals.d" -o "board/peripherals.o" "../board/peripherals.c"
arm-none-eabi-gcc -D__REDLIB__ -DCPU_MKL25Z128VLK4 -DCPU_MKL25Z128VLK4_cm0plus -DSDK_OS_BAREMETAL -DFSL_RTOS_BM -DCR_INTEGER_PRINTF -DPRINTF_FLOAT_ENABLE=1 -D__MCUXPRESSO -D__USE_CMSIS -DDEBUG -DSDK_DEBUGCONSOLE=0 -I"F:\Blinkenlights\MKL25Z128xxx4_Project\board" -I"F:\Blinkenlights\MKL25Z128xxx4_Project\source" -I"F:\Blinkenlights\MKL25Z128xxx4_Project" -I"F:\Blinkenlights\MKL25Z128xxx4_Project\drivers" -I"F:\Blinkenlights\MKL25Z128xxx4_Project\CMSIS" -I"F:\Blinkenlights\MKL25Z128xxx4_Project\utilities" -I"F:\Blinkenlights\MKL25Z128xxx4_Project\startup" -O0 -fno-common -g3 -Wall -c -fmessage-length=0 -fno-builtin -ffunction-sections -fdata-sections -fmerge-constants -fmacro-prefix-map="../board/"=. -mcpu=cortex-m0plus -mthumb -D__REDLIB__ -fstack-usage -specs=redlib.specs -MMD -MP -MF"board/pin_mux.d" -MT"board/pin_mux.o" -MT"board/pin_mux.d" -o "board/pin_mux.o" "../board/pin_mux.c"
Finished building: ../board/peripherals.c
 
Building file: ../CMSIS/system_MKL25Z4.c
Finished building: ../board/clock_config.c
Invoking: MCU C Compiler
Finished building: ../board/board.c
arm-none-eabi-gcc -D__REDLIB__ -DCPU_MKL25Z128VLK4 -DCPU_MKL25Z128VLK4_cm0plus -DSDK_OS_BAREMETAL -DFSL_RTOS_BM -DCR_INTEGER_PRINTF -DPRINTF_FLOAT_ENABLE=1 -D__MCUXPRESSO -D__USE_CMSIS -DDEBUG -DSDK_DEBUGCONSOLE=0 -I"F:\Blinkenlights\MKL25Z128xxx4_Project\board" -I"F:\Blinkenlights\MKL25Z128xxx4_Project\source" -I"F:\Blinkenlights\MKL25Z128xxx4_Project" -I"F:\Blinkenlights\MKL25Z128xxx4_Project\drivers" -I"F:\Blinkenlights\MKL25Z128xxx4_Project\CMSIS" -I"F:\Blinkenlights\MKL25Z128xxx4_Project\utilities" -I"F:\Blinkenlights\MKL25Z128xxx4_Project\startup" -O0 -fno-common -g3 -Wall -c -fmessage-length=0 -fno-builtin -ffunction-sections -fdata-sections -fmerge-constants -fmacro-prefix-map="../CMSIS/"=. -mcpu=cortex-m0plus -mthumb -D__REDLIB__ -fstack-usage -specs=redlib.specs -MMD -MP -MF"CMSIS/system_MKL25Z4.d" -MT"CMSIS/system_MKL25Z4.o" -MT"CMSIS/system_MKL25Z4.d" -o "CMSIS/system_MKL25Z4.o" "../CMSIS/system_MKL25Z4.c"
 
 
Finished building: ../board/pin_mux.c
 
Finished building: ../CMSIS/system_MKL25Z4.c
 
Building target: MKL25Z128xxx4_Project.axf
Invoking: MCU Linker
arm-none-eabi-gcc -nostdlib -Xlinker -Map="MKL25Z128xxx4_Project.map" -Xlinker --gc-sections -Xlinker -print-memory-usage -Xlinker --sort-section=alignment -Xlinker --cref -mcpu=cortex-m0plus -mthumb -T MKL25Z128xxx4_Project_Debug.ld -o "MKL25Z128xxx4_Project.axf"  ./utilities/fsl_debug_console.o  ./startup/startup_mkl25z4.o  ./source/LED.o ./source/TSI.o ./source/main.o ./source/mtb.o ./source/semihost_hardfault.o  ./drivers/fsl_clock.o ./drivers/fsl_common.o ./drivers/fsl_flash.o ./drivers/fsl_gpio.o ./drivers/fsl_i2c.o ./drivers/fsl_lpsci.o ./drivers/fsl_smc.o ./drivers/fsl_uart.o  ./board/board.o ./board/clock_config.o ./board/peripherals.o ./board/pin_mux.o  ./CMSIS/system_MKL25Z4.o   
Memory region         Used Size  Region Size  %age Used
   PROGRAM_FLASH:        9252 B       128 KB      7.06%
            SRAM:        2516 B        16 KB     15.36%
Finished building target: MKL25Z128xxx4_Project.axf
 
make --no-print-directory post-build
Performing post-build steps
arm-none-eabi-size "MKL25Z128xxx4_Project.axf"; # arm-none-eabi-objcopy -v -O binary "MKL25Z128xxx4_Project.axf" "MKL25Z128xxx4_Project.bin" ; # checksum -p MKL25Z128xxx4 -d "MKL25Z128xxx4_Project.bin";
   text	   data	    bss	    dec	    hex	filename
   9148	    104	   2412	  11664	   2d90	MKL25Z128xxx4_Project.axf
 
13:52:34 **** Incremental Build of configuration Debug for project MKL25Z128xxx4_Project ****
make -r -j4 all 
Building file: ../source/main.c
Building file: ../source/LED.c
Invoking: MCU C Compiler
arm-none-eabi-gcc -D__REDLIB__ -DCPU_MKL25Z128VLK4 -DCPU_MKL25Z128VLK4_cm0plus -DSDK_OS_BAREMETAL -DFSL_RTOS_BM -DCR_INTEGER_PRINTF -DPRINTF_FLOAT_ENABLE=1 -D__MCUXPRESSO -D__USE_CMSIS -DDEBUG -DSDK_DEBUGCONSOLE=0 -I"F:\Blinkenlights\MKL25Z128xxx4_Project\board" -I"F:\Blinkenlights\MKL25Z128xxx4_Project\source" -I"F:\Blinkenlights\MKL25Z128xxx4_Project" -I"F:\Blinkenlights\MKL25Z128xxx4_Project\drivers" -I"F:\Blinkenlights\MKL25Z128xxx4_Project\CMSIS" -I"F:\Blinkenlights\MKL25Z128xxx4_Project\utilities" -I"F:\Blinkenlights\MKL25Z128xxx4_Project\startup" -O0 -fno-common -g3 -Wall -c -fmessage-length=0 -fno-builtin -ffunction-sections -fdata-sections -fmerge-constants -fmacro-prefix-map="../source/"=. -mcpu=cortex-m0plus -mthumb -D__REDLIB__ -fstack-usage -specs=redlib.specs -MMD -MP -MF"source/main.d" -MT"source/main.o" -MT"source/main.d" -o "source/main.o" "../source/main.c"
Invoking: MCU C Compiler
arm-none-eabi-gcc -D__REDLIB__ -DCPU_MKL25Z128VLK4 -DCPU_MKL25Z128VLK4_cm0plus -DSDK_OS_BAREMETAL -DFSL_RTOS_BM -DCR_INTEGER_PRINTF -DPRINTF_FLOAT_ENABLE=1 -D__MCUXPRESSO -D__USE_CMSIS -DDEBUG -DSDK_DEBUGCONSOLE=0 -I"F:\Blinkenlights\MKL25Z128xxx4_Project\board" -I"F:\Blinkenlights\MKL25Z128xxx4_Project\source" -I"F:\Blinkenlights\MKL25Z128xxx4_Project" -I"F:\Blinkenlights\MKL25Z128xxx4_Project\drivers" -I"F:\Blinkenlights\MKL25Z128xxx4_Project\CMSIS" -I"F:\Blinkenlights\MKL25Z128xxx4_Project\utilities" -I"F:\Blinkenlights\MKL25Z128xxx4_Project\startup" -O0 -fno-common -g3 -Wall -c -fmessage-length=0 -fno-builtin -ffunction-sections -fdata-sections -fmerge-constants -fmacro-prefix-map="../source/"=. -mcpu=cortex-m0plus -mthumb -D__REDLIB__ -fstack-usage -specs=redlib.specs -MMD -MP -MF"source/LED.d" -MT"source/LED.o" -MT"source/LED.d" -o "source/LED.o" "../source/LED.c"
Finished building: ../source/LED.c
Finished building: ../source/main.c
 
 
Building target: MKL25Z128xxx4_Project.axf
Invoking: MCU Linker
arm-none-eabi-gcc -nostdlib -Xlinker -Map="MKL25Z128xxx4_Project.map" -Xlinker --gc-sections -Xlinker -print-memory-usage -Xlinker --sort-section=alignment -Xlinker --cref -mcpu=cortex-m0plus -mthumb -T MKL25Z128xxx4_Project_Debug.ld -o "MKL25Z128xxx4_Project.axf"  ./utilities/fsl_debug_console.o  ./startup/startup_mkl25z4.o  ./source/LED.o ./source/TSI.o ./source/main.o ./source/mtb.o ./source/semihost_hardfault.o  ./drivers/fsl_clock.o ./drivers/fsl_common.o ./drivers/fsl_flash.o ./drivers/fsl_gpio.o ./drivers/fsl_i2c.o ./drivers/fsl_lpsci.o ./drivers/fsl_smc.o ./drivers/fsl_uart.o  ./board/board.o ./board/clock_config.o ./board/peripherals.o ./board/pin_mux.o  ./CMSIS/system_MKL25Z4.o   
Memory region         Used Size  Region Size  %age Used
   PROGRAM_FLASH:        9252 B       128 KB      7.06%
            SRAM:        2516 B        16 KB     15.36%
Finished building target: MKL25Z128xxx4_Project.axf
 
make --no-print-directory post-build
Performing post-build steps
arm-none-eabi-size "MKL25Z128xxx4_Project.axf"; # arm-none-eabi-objcopy -v -O binary "MKL25Z128xxx4_Project.axf" "MKL25Z128xxx4_Project.bin" ; # checksum -p MKL25Z128xxx4 -d "MKL25Z128xxx4_Project.bin";
   text	   data	    bss	    dec	    hex	filename
   9148	    104	   2412	  11664	   2d90	MKL25Z128xxx4_Project.axf
 
